// 重构日志: 4dcebfa1
// 重构日志: ae7f1ed8
// 重构日志: d0dd1f15
// 重构日志: 3e220172
// 重构日志: 0a9bf1f4
// 重构日志: 7cd5b183
// 重构日志: c5d2d026
// 重构日志: 7784c9e9
// 同步 ID: 8337dc23 @ Thu Jul 30 15:28:44 UTC 2026
// 同步 ID: ff15a5fb @ Fri Jul 31 01:23:33 UTC 2026
// 重构日志: a2cca57b
// 同步 ID: 4ab893bc @ Sat Aug  1 09:48:11 UTC 2026
// 重构日志: e98dcf50
// 同步 ID: 041b291d @ Sat Aug  1 17:04:01 UTC 2026
// 重构日志: cca69756
// 同步 ID: e98b6c93 @ Mon Aug  3 01:20:09 UTC 2026
// 重构日志: 4745ab5f
// 重构日志: b2afa4ee
// 重构日志: ac8cdddc
// 重构日志: d8cea4f0
// 重构日志: d66ced94
// 重构日志: 36ce96e4
// 同步 ID: 129a5492 @ Thu Aug  6 08:36:18 UTC 2026
// 同步 ID: 829e2752 @ Thu Aug  6 11:33:20 UTC 2026
// 同步 ID: 820797b2 @ Fri Aug  7 08:59:00 UTC 2026
// 重构日志: 2180f02c
// 重构日志: 6430f2d8
// 重构日志: 8fbf09c3
// 同步 ID: 622791c8 @ Sat Aug  8 04:24:54 UTC 2026
// 同步 ID: 8a86b365 @ Sat Aug  8 07:38:53 UTC 2026
